error: forbidden audit dependency `gaze_audit` used inside protected path
  --> $DIR/trait_bound_where_clause.rs:3:8
   |
LL |     T: gaze_audit::AuditSink,
   |        ^^^^^^^^^^^^^^^^^^^^^
   |
   = note: protected path: crates/gaze-cli/src/restore
   = note: source span: $DIR/trait_bound_where_clause.rs:3:8-3:29
   = note: resolved DefId: DefId(20:10 ~ gaze_audit[f6e3]::AuditSink)
   = note: resolved item: gaze_audit::AuditSink
   = note: why forbidden: crate `gaze_audit` is forbidden in protected paths
   = note: usage: trait bound path
   = note: `#[deny(gaze_module_isolation)]` on by default

error: forbidden audit dependency `gaze_audit` used inside protected path
  --> $DIR/trait_bound_where_clause.rs:8:15
   |
LL |     restore::<gaze_audit::SqliteLogger>();
   |               ^^^^^^^^^^^^^^^^^^^^^^^^
   |
   = note: protected path: crates/gaze-cli/src/restore
   = note: source span: $DIR/trait_bound_where_clause.rs:8:15-8:39
   = note: resolved DefId: DefId(20:3 ~ gaze_audit[f6e3]::SqliteLogger)
   = note: resolved item: gaze_audit::SqliteLogger
   = note: why forbidden: crate `gaze_audit` is forbidden in protected paths
   = note: usage: type path

error: aborting due to 2 previous errors

