error: forbidden audit dependency `gaze_audit` used inside protected path
  --> $DIR/type_struct_field.rs:2:13
   |
LL |     logger: gaze_audit::SqliteLogger,
   |             ^^^^^^^^^^^^^^^^^^^^^^^^
   |
   = note: protected path: crates/gaze-cli/src/restore
   = note: source span: $DIR/type_struct_field.rs:2:13-2:37
   = note: resolved DefId: DefId(20:3 ~ gaze_audit[f6e3]::SqliteLogger)
   = note: resolved item: gaze_audit::SqliteLogger
   = note: why forbidden: crate `gaze_audit` is forbidden in protected paths
   = note: usage: type path
   = note: `#[deny(gaze_module_isolation)]` on by default

error: forbidden audit dependency `gaze_audit` used inside protected path
  --> $DIR/type_struct_field.rs:7:17
   |
LL |         logger: gaze_audit::SqliteLogger::new(),
   |                 ^^^^^^^^^^^^^^^^^^^^^^^^^^^^^
   |
   = note: protected path: crates/gaze-cli/src/restore
   = note: source span: $DIR/type_struct_field.rs:7:17-7:46
   = note: resolved DefId: DefId(20:13 ~ gaze_audit[f6e3]::{impl#1}::new)
   = note: resolved item: gaze_audit::SqliteLogger::new
   = note: why forbidden: crate `gaze_audit` is forbidden in protected paths
   = note: usage: expression path

error: forbidden audit dependency `gaze_audit` used inside protected path
  --> $DIR/type_struct_field.rs:7:17
   |
LL |         logger: gaze_audit::SqliteLogger::new(),
   |                 ^^^^^^^^^^^^^^^^^^^^^^^^
   |
   = note: protected path: crates/gaze-cli/src/restore
   = note: source span: $DIR/type_struct_field.rs:7:17-7:41
   = note: resolved DefId: DefId(20:3 ~ gaze_audit[f6e3]::SqliteLogger)
   = note: resolved item: gaze_audit::SqliteLogger
   = note: why forbidden: crate `gaze_audit` is forbidden in protected paths
   = note: usage: type path

error: aborting due to 3 previous errors

