error: forbidden audit dependency `gaze_audit` used inside protected path
  --> $DIR/../macros/macro_emit.inc:4:9
   |
LL |         use gaze_audit::SqliteLogger;
   |         ^^^^^^^^^^^^^^^^^^^^^^^^^^^^^
   |
  ::: $DIR/use_via_macro_emit_callsite.rs:5:1
   |
LL | emit_forbidden_audit_use!();
   | --------------------------- in this macro invocation
   |
   = note: protected path: crates/gaze-cli/src/restore
   = note: source span: $DIR/../macros/macro_emit.inc:4:9-4:38
   = note: resolved DefId: DefId(20:3 ~ gaze_audit[f6e3]::SqliteLogger)
   = note: resolved item: gaze_audit::SqliteLogger
   = note: why forbidden: crate `gaze_audit` is forbidden in protected paths
   = note: usage: use item
   = note: `#[deny(gaze_module_isolation)]` on by default
   = note: this error originates in the macro `emit_forbidden_audit_use` (in Nightly builds, run with -Z macro-backtrace for more info)

error: forbidden audit dependency `gaze_audit` used inside protected path
  --> $DIR/../macros/macro_emit.inc:4:13
   |
LL |         use gaze_audit::SqliteLogger;
   |             ^^^^^^^^^^^^^^^^^^^^^^^^
   |
  ::: $DIR/use_via_macro_emit_callsite.rs:5:1
   |
LL | emit_forbidden_audit_use!();
   | --------------------------- in this macro invocation
   |
   = note: protected path: crates/gaze-cli/src/restore
   = note: source span: $DIR/../macros/macro_emit.inc:4:13-4:37
   = note: resolved DefId: DefId(20:3 ~ gaze_audit[f6e3]::SqliteLogger)
   = note: resolved item: gaze_audit::SqliteLogger
   = note: why forbidden: crate `gaze_audit` is forbidden in protected paths
   = note: usage: HIR path
   = note: this error originates in the macro `emit_forbidden_audit_use` (in Nightly builds, run with -Z macro-backtrace for more info)

error: forbidden audit dependency `gaze_audit` used inside protected path
  --> $DIR/use_via_macro_emit_callsite.rs:8:13
   |
LL |     let _ = SqliteLogger::new();
   |             ^^^^^^^^^^^^^^^^^
   |
   = note: protected path: crates/gaze-cli/src/restore
   = note: source span: $DIR/use_via_macro_emit_callsite.rs:8:13-8:30
   = note: resolved DefId: DefId(20:13 ~ gaze_audit[f6e3]::{impl#1}::new)
   = note: resolved item: gaze_audit::SqliteLogger::new
   = note: why forbidden: crate `gaze_audit` is forbidden in protected paths
   = note: usage: expression path

error: forbidden audit dependency `gaze_audit` used inside protected path
  --> $DIR/use_via_macro_emit_callsite.rs:8:13
   |
LL |     let _ = SqliteLogger::new();
   |             ^^^^^^^^^^^^
   |
   = note: protected path: crates/gaze-cli/src/restore
   = note: source span: $DIR/use_via_macro_emit_callsite.rs:8:13-8:25
   = note: resolved DefId: DefId(20:3 ~ gaze_audit[f6e3]::SqliteLogger)
   = note: resolved item: gaze_audit::SqliteLogger
   = note: why forbidden: crate `gaze_audit` is forbidden in protected paths
   = note: usage: type path

error: aborting due to 4 previous errors

