error: forbidden audit dependency `gaze_audit` used inside protected path
  --> $DIR/use_in_impl_body.rs:5:9
   |
LL |         use gaze_audit::SqliteLogger;
   |         ^^^^^^^^^^^^^^^^^^^^^^^^^^^^^
   |
   = note: protected path: crates/gaze-cli/src/restore
   = note: source span: $DIR/use_in_impl_body.rs:5:9-5:38
   = note: resolved DefId: DefId(20:3 ~ gaze_audit[f6e3]::SqliteLogger)
   = note: resolved item: gaze_audit::SqliteLogger
   = note: why forbidden: crate `gaze_audit` is forbidden in protected paths
   = note: usage: use item
   = note: `#[deny(gaze_module_isolation)]` on by default

error: forbidden audit dependency `gaze_audit` used inside protected path
  --> $DIR/use_in_impl_body.rs:5:13
   |
LL |         use gaze_audit::SqliteLogger;
   |             ^^^^^^^^^^^^^^^^^^^^^^^^
   |
   = note: protected path: crates/gaze-cli/src/restore
   = note: source span: $DIR/use_in_impl_body.rs:5:13-5:37
   = note: resolved DefId: DefId(20:3 ~ gaze_audit[f6e3]::SqliteLogger)
   = note: resolved item: gaze_audit::SqliteLogger
   = note: why forbidden: crate `gaze_audit` is forbidden in protected paths
   = note: usage: HIR path

error: forbidden audit dependency `gaze_audit` used inside protected path
  --> $DIR/use_in_impl_body.rs:6:17
   |
LL |         let _ = SqliteLogger::new();
   |                 ^^^^^^^^^^^^^^^^^
   |
   = note: protected path: crates/gaze-cli/src/restore
   = note: source span: $DIR/use_in_impl_body.rs:6:17-6:34
   = note: resolved DefId: DefId(20:13 ~ gaze_audit[f6e3]::{impl#1}::new)
   = note: resolved item: gaze_audit::SqliteLogger::new
   = note: why forbidden: crate `gaze_audit` is forbidden in protected paths
   = note: usage: expression path

error: forbidden audit dependency `gaze_audit` used inside protected path
  --> $DIR/use_in_impl_body.rs:6:17
   |
LL |         let _ = SqliteLogger::new();
   |                 ^^^^^^^^^^^^
   |
   = note: protected path: crates/gaze-cli/src/restore
   = note: source span: $DIR/use_in_impl_body.rs:6:17-6:29
   = note: resolved DefId: DefId(20:3 ~ gaze_audit[f6e3]::SqliteLogger)
   = note: resolved item: gaze_audit::SqliteLogger
   = note: why forbidden: crate `gaze_audit` is forbidden in protected paths
   = note: usage: type path

error: aborting due to 4 previous errors

