error: forbidden audit dependency `gaze_audit` used inside protected path
  --> $DIR/use_in_fn_body.rs:2:5
   |
LL |     use gaze_audit::SqliteLogger;
   |     ^^^^^^^^^^^^^^^^^^^^^^^^^^^^^
   |
   = note: protected path: crates/gaze-cli/src/restore
   = note: source span: $DIR/use_in_fn_body.rs:2:5-2:34
   = note: resolved DefId: DefId(20:3 ~ gaze_audit[f6e3]::SqliteLogger)
   = note: resolved item: gaze_audit::SqliteLogger
   = note: why forbidden: crate `gaze_audit` is forbidden in protected paths
   = note: usage: use item
   = note: `#[deny(gaze_module_isolation)]` on by default

error: forbidden audit dependency `gaze_audit` used inside protected path
  --> $DIR/use_in_fn_body.rs:2:9
   |
LL |     use gaze_audit::SqliteLogger;
   |         ^^^^^^^^^^^^^^^^^^^^^^^^
   |
   = note: protected path: crates/gaze-cli/src/restore
   = note: source span: $DIR/use_in_fn_body.rs:2:9-2:33
   = note: resolved DefId: DefId(20:3 ~ gaze_audit[f6e3]::SqliteLogger)
   = note: resolved item: gaze_audit::SqliteLogger
   = note: why forbidden: crate `gaze_audit` is forbidden in protected paths
   = note: usage: HIR path

error: forbidden audit dependency `gaze_audit` used inside protected path
  --> $DIR/use_in_fn_body.rs:3:13
   |
LL |     let _ = SqliteLogger::new();
   |             ^^^^^^^^^^^^^^^^^
   |
   = note: protected path: crates/gaze-cli/src/restore
   = note: source span: $DIR/use_in_fn_body.rs:3:13-3:30
   = note: resolved DefId: DefId(20:13 ~ gaze_audit[f6e3]::{impl#1}::new)
   = note: resolved item: gaze_audit::SqliteLogger::new
   = note: why forbidden: crate `gaze_audit` is forbidden in protected paths
   = note: usage: expression path

error: forbidden audit dependency `gaze_audit` used inside protected path
  --> $DIR/use_in_fn_body.rs:3:13
   |
LL |     let _ = SqliteLogger::new();
   |             ^^^^^^^^^^^^
   |
   = note: protected path: crates/gaze-cli/src/restore
   = note: source span: $DIR/use_in_fn_body.rs:3:13-3:25
   = note: resolved DefId: DefId(20:3 ~ gaze_audit[f6e3]::SqliteLogger)
   = note: resolved item: gaze_audit::SqliteLogger
   = note: why forbidden: crate `gaze_audit` is forbidden in protected paths
   = note: usage: type path

error: aborting due to 4 previous errors

